// Jest Snapshot v1, https://goo.gl/fbAQLP

exports[`Render App Render App 1`] = `
<h1>
  It works!
</h1>
`;
